src/components/PassengerHome.tsx(196,19): error TS2345: Argument of type 'Record<string, unknown>' is not assignable to parameter of type 'SetStateAction<{ [key: string]: unknown; fare_kz: number; badges: string[]; surge_factor: number; zone_multiplier: number; traffic_multiplier: number; } | null>'.
