src/components/PostRideReview.tsx(41,34): error TS2339: Property 'distanceKm' does not exist on type 'PostRideState'.
src/components/PostRideReview.tsx(42,34): error TS2339: Property 'durationMin' does not exist on type 'PostRideState'.
src/components/PostRideReview.tsx(62,55): error TS2339: Property 'distanceKm' does not exist on type 'PostRideState'.
src/components/PostRideReview.tsx(62,95): error TS2339: Property 'durationMin' does not exist on type 'PostRideState'.
src/components/PostRideReview.tsx(81,55): error TS2339: Property 'distanceKm' does not exist on type 'PostRideState'.
src/components/PostRideReview.tsx(81,95): error TS2339: Property 'durationMin' does not exist on type 'PostRideState'.
